// Jest Snapshot v1, https://goo.gl/fbAQLP

exports[`App component matches snapshot 1`] = `
<div
  className="app-container"
>
  <div
    className="content-container"
    computedMatch={
      Object {
        "isExact": false,
        "params": Object {},
        "path": "/",
        "url": "/",
      }
    }
    location={
      Object {
        "hash": "",
        "key": "9vb2mj",
        "pathname": "/patients",
        "search": "",
        "state": undefined,
      }
    }
  >
    <div>
      <h3
        className="pateintsHeader"
      >
        Patients
      </h3>
      <table
        className="patientsTable"
      >
        <thead>
          <tr
            className="noHover"
          >
            <th
              className="deleteHeader"
            />
            <th>
              First Name
            </th>
            <th>
              Last Name
            </th>
            <th>
              Age
            </th>
            <th>
              Gender
            </th>
          </tr>
        </thead>
        <tbody />
      </table>
      <div
        className="wrapper"
      >
        <button
          className="addPatientButton"
          onClick={[Function]}
          type="submit"
        >
          Add a Patient
        </button>
      </div>
    </div>
  </div>
</div>
`;
