// Jest Snapshot v1, https://goo.gl/fbAQLP

exports[`App component matches snapshot 1`] = `
<div>
  <h3
    className="pateintsHeader"
  >
    Patients
  </h3>
  <table
    className="patientsTable"
  >
    <thead>
      <tr
        className="noHover"
      >
        <th
          className="deleteHeader"
        />
        <th>
          First Name
        </th>
        <th>
          Last Name
        </th>
        <th>
          Age
        </th>
        <th>
          Gender
        </th>
      </tr>
    </thead>
    <tbody />
  </table>
  <div
    className="wrapper"
  >
    <button
      className="addPatientButton"
      onClick={[Function]}
      type="submit"
    >
      Add a Patient
    </button>
  </div>
</div>
`;
